// Jest Snapshot v1, https://goo.gl/fbAQLP

exports[`renders a Create Account Screen 1`] = `<ExponentAppLoading />`;
