// Jest Snapshot v1, https://goo.gl/fbAQLP

exports[`renders the Home Screen 1`] = `<ExponentAppLoading />`;
