// Jest Snapshot v1, https://goo.gl/fbAQLP

exports[`Renders a Schedule Picker Renders a Shedule Picker 1`] = `undefined`;
