// Jest Snapshot v1, https://goo.gl/fbAQLP

exports[`renders the Apollo Provider component 1`] = `<Text />`;
